// Jest Snapshot v1, https://goo.gl/fbAQLP

exports[`Login component tests: should render correctly 1`] = `
<section
  className="login"
>
  <div
    className="formContainer"
  >
    <div>
      <h3>
        Login
      </h3>
      <p>
        Don't have an account? 
        <Link
          to="/register"
        >
          Register
        </Link>
      </p>
    </div>
    <form
      noValidate={true}
      onSubmit={[Function]}
    >
      <input
        className=""
        id="email"
        onChange={[Function]}
        placeholder="Email"
        type="email"
        value=""
      />
      <p
        className="warning"
      />
      <input
        className=""
        id="password"
        onChange={[Function]}
        placeholder="Password"
        type="password"
        value=""
      />
      <p
        className="warning"
      />
      <button
        className="submitBtn"
        type="submit"
      >
        Login
      </button>
    </form>
  </div>
</section>
`;
