// Jest Snapshot v1, https://goo.gl/fbAQLP

exports[`Register component tests: should render correctly 1`] = `
<section
  className="register"
>
  <div
    className="formContainer"
  >
    <div>
      <h4>
        Register
      </h4>
      <p>
        Already have an account? 
        <Link
          to="/login"
        >
          Log in
        </Link>
      </p>
    </div>
    <form
      noValidate={true}
      onSubmit={[Function]}
    >
      <input
        className=""
        id="firstName"
        onChange={[Function]}
        placeholder="First Name"
        type="text"
        value=""
      />
      <p
        className="warning"
      />
      <input
        className=""
        id="surname"
        onChange={[Function]}
        placeholder="Surname"
        type="text"
        value=""
      />
      <p
        className="warning"
      />
      <input
        className=""
        id="email"
        onChange={[Function]}
        placeholder="Email"
        type="email"
        value=""
      />
      <p
        className="warning"
      />
      <input
        className=""
        id="password"
        onChange={[Function]}
        placeholder="Password"
        type="password"
        value=""
      />
      <p
        className="warning"
      />
      <input
        className=""
        id="password2"
        onChange={[Function]}
        placeholder="Confirm Password"
        type="password"
        value=""
      />
      <p
        className="warning"
      />
      <button
        className="submitBtn"
        type="submit"
      >
        Sign up
      </button>
    </form>
  </div>
</section>
`;
